[36mvite v5.4.21 [32mbuilding for production...[36m[39m
transforming...
[32m✓[39m 3 modules transformed.
[31mx[39m Build failed in 216ms
[31merror during build:
[31m[vite:css] [postcss] Cannot find module '@tailwindcss/typography'
Require stack:
- D:\Desktop3\debate_mfxb2\recon-court\tailwind.config.js[31m
file: [36mD:/Desktop3/debate_mfxb2/recon-court/src/style.css:undefined:NaN[31m
    at Module._resolveFilename (node:internal/modules/cjs/loader:1421:15)
    at require.resolve (node:internal/modules/helpers:163:19)
    at _resolve (D:\Desktop3\debate_mfxb2\recon-court\node_modules\jiti\dist\jiti.js:1:246378)
    at jiti (D:\Desktop3\debate_mfxb2\recon-court\node_modules\jiti\dist\jiti.js:1:249092)
    at D:\Desktop3\debate_mfxb2\recon-court\tailwind.config.js:1:250
    at evalModule (D:\Desktop3\debate_mfxb2\recon-court\node_modules\jiti\dist\jiti.js:1:251913)
    at jiti (D:\Desktop3\debate_mfxb2\recon-court\node_modules\jiti\dist\jiti.js:1:249841)
    at D:\Desktop3\debate_mfxb2\recon-court\node_modules\tailwindcss\lib\lib\load-config.js:53:30
    at loadConfig (D:\Desktop3\debate_mfxb2\recon-court\node_modules\tailwindcss\lib\lib\load-config.js:55:6)
    at getTailwindConfig (D:\Desktop3\debate_mfxb2\recon-court\node_modules\tailwindcss\lib\lib\setupTrackingContext.js:74:116)[39m
