[36mvite v5.4.21 [32mbuilding for production...[36m[39m
transforming...
[32m鉁?[39m 3 modules transformed.
node.exe : [31mx[39m Build failed in 
269ms
所在位置 行:1 字符: 1
+ & "C:\Program Files\nodejs/node.exe" 
"C:\Program Files\nodejs/node_mo ...
+ ~~~~~~~~~~~~~~~~~~~~~~~~~~~~~~~~~~~~~
~~~~~~~~~~~~~~~~~~~~~~~~~~~~~~~~
    + CategoryInfo          : NotSpecif
    ied: ([31mx[39m Build failed in 2
    69ms:String) [], RemoteException
    + FullyQualifiedErrorId : NativeCom
    mandError
 
[31merror during build:
[31m[vite:css] [postcss] Cannot find m
odule '@tailwindcss/typography'
Require stack:
- D:\Desktop3\debate_mfxb2\recon-court\
tailwind.config.js[31m
file: [36mD:/Desktop3/debate_mfxb2/rec
on-court/src/style.css:undefined:NaN[3
1m
    at Module._resolveFilename (node:in
ternal/modules/cjs/loader:1421:15)
    at require.resolve (node:internal/m
odules/helpers:163:19)
    at _resolve (D:\Desktop3\debate_mfx
b2\recon-court\node_modules\jiti\dist\j
iti.js:1:246378)
    at jiti (D:\Desktop3\debate_mfxb2\r
econ-court\node_modules\jiti\dist\jiti.
js:1:249092)
    at D:\Desktop3\debate_mfxb2\recon-c
ourt\tailwind.config.js:1:250
    at evalModule (D:\Desktop3\debate_m
fxb2\recon-court\node_modules\jiti\dist
\jiti.js:1:251913)
    at jiti (D:\Desktop3\debate_mfxb2\r
econ-court\node_modules\jiti\dist\jiti.
js:1:249841)
    at D:\Desktop3\debate_mfxb2\recon-c
ourt\node_modules\tailwindcss\lib\lib\l
oad-config.js:53:30
    at loadConfig (D:\Desktop3\debate_m
fxb2\recon-court\node_modules\tailwindc
ss\lib\lib\load-config.js:55:6)
    at getTailwindConfig (D:\Desktop3\d
ebate_mfxb2\recon-court\node_modules\ta
ilwindcss\lib\lib\setupTrackingContext.
js:74:116)[39m
